2026-07-01T07:29:17.734+05:30  WARN 4152 --- [Warehouse_Allocation_System] [HikariPool-1 housekeeper] com.zaxxer.hikari.pool.HikariPool        : HikariPool-1 - Thread starvation or clock leap detected (housekeeper delta=10h8m38s90ms734µs).
2026-07-01T07:45:16.356+05:30  WARN 4152 --- [Warehouse_Allocation_System] [HikariPool-1 housekeeper] com.zaxxer.hikari.pool.HikariPool        : HikariPool-1 - Thread starvation or clock leap detected (housekeeper delta=9m28s460ms621µs900ns).
2026-07-01T07:47:35.353+05:30  INFO 4152 --- [Warehouse_Allocation_System] [http-nio-8080-exec-10] c.example.demo.service.WarehouseService  : Warehouse UPDATED — id=1, name=sathish, capacity=2000
2026-07-01T07:48:15.532+05:30  INFO 4152 --- [Warehouse_Allocation_System] [http-nio-8080-exec-3] c.example.demo.service.WarehouseService  : Warehouse DEACTIVATED — id=1, name=sathish
2026-07-01T07:48:22.847+05:30  INFO 4152 --- [Warehouse_Allocation_System] [http-nio-8080-exec-5] c.example.demo.service.WarehouseService  : Warehouse DEACTIVATED — id=1, name=sathish
2026-07-01T07:48:46.561+05:30  INFO 4152 --- [Warehouse_Allocation_System] [http-nio-8080-exec-4] c.example.demo.service.WarehouseService  : Warehouse ACTIVATED — id=1, name=sathish
2026-07-01T08:35:44.214+05:30  WARN 4152 --- [Warehouse_Allocation_System] [HikariPool-1 housekeeper] com.zaxxer.hikari.pool.HikariPool        : HikariPool-1 - Thread starvation or clock leap detected (housekeeper delta=43m57s776ms441µs900ns).
2026-07-01T08:38:24.740+05:30  INFO 4152 --- [Warehouse_Allocation_System] [http-nio-8080-exec-4] c.e.demo.service.AllocationService       : Allocation request received: productId=1, warehouseId=1, quantity=50
2026-07-01T08:38:24.808+05:30  INFO 4152 --- [Warehouse_Allocation_System] [http-nio-8080-exec-4] c.e.demo.service.AllocationService       : Allocation SUCCESS — id=1, product=iPhone 15, warehouse=sathish, quantity=50
2026-07-01T08:39:20.825+05:30  INFO 4152 --- [Warehouse_Allocation_System] [http-nio-8080-exec-6] c.e.demo.service.AllocationService       : Allocation request received: productId=1, warehouseId=null, quantity=30
2026-07-01T08:39:20.892+05:30  INFO 4152 --- [Warehouse_Allocation_System] [http-nio-8080-exec-6] c.e.demo.service.AllocationService       : Allocation SUCCESS — id=2, product=iPhone 15, warehouse=sathish, quantity=30
2026-07-01T08:39:45.186+05:30  INFO 4152 --- [Warehouse_Allocation_System] [http-nio-8080-exec-8] c.e.demo.service.AllocationService       : Allocation request received: productId=1, warehouseId=1, quantity=99999
2026-07-01T08:39:45.219+05:30  WARN 4152 --- [Warehouse_Allocation_System] [http-nio-8080-exec-8] c.e.demo.service.AllocationService       : Allocation FAILED — Insufficient stock. Product=iPhone 15, Warehouse=sathish, Available=120, Requested=99999
2026-07-01T08:43:37.549+05:30  INFO 4152 --- [Warehouse_Allocation_System] [http-nio-8080-exec-1] c.e.demo.service.StockTransferService    : Transfer request received: source=1, target=2, product=1, quantity=20
2026-07-01T08:43:37.582+05:30  WARN 4152 --- [Warehouse_Allocation_System] [http-nio-8080-exec-1] c.e.demo.service.StockTransferService    : Transfer FAILED — Target warehouse not found, id=2
2026-07-01T08:46:05.654+05:30  INFO 4152 --- [Warehouse_Allocation_System] [http-nio-8080-exec-5] c.example.demo.service.WarehouseService  : Warehouse CREATED — id=2, name=Warehouse B, capacity=500
2026-07-01T08:46:16.029+05:30  INFO 4152 --- [Warehouse_Allocation_System] [http-nio-8080-exec-4] c.e.demo.service.StockTransferService    : Transfer request received: source=1, target=2, product=1, quantity=20
2026-07-01T08:46:16.086+05:30  INFO 4152 --- [Warehouse_Allocation_System] [http-nio-8080-exec-4] c.e.demo.service.StockTransferService    : Transfer SUCCESS — id=1, product=iPhone 15, sathish -> Warehouse B, quantity=20
2026-07-01T08:47:12.066+05:30  INFO 4152 --- [Warehouse_Allocation_System] [http-nio-8080-exec-6] c.e.demo.service.StockTransferService    : Transfer request received: source=1, target=1, product=1, quantity=10
2026-07-01T08:47:12.068+05:30  WARN 4152 --- [Warehouse_Allocation_System] [http-nio-8080-exec-6] c.e.demo.service.StockTransferService    : Transfer FAILED — Source and target warehouse are same, id=1
2026-07-01T08:53:48.446+05:30  INFO 20956 --- [Warehouse_Allocation_System] [main] e.d.WarehouseAllocationSystemApplication : Starting WarehouseAllocationSystemApplication using Java 17.0.12 with PID 20956 (C:\Users\akash\Documents\workspace-spring-tools-for-eclipse-5.1.1.RELEASE\Warehouse_Allocation_System\target\classes started by Sathish in C:\Users\akash\Documents\workspace-spring-tools-for-eclipse-5.1.1.RELEASE\Warehouse_Allocation_System)
2026-07-01T08:53:48.454+05:30  INFO 20956 --- [Warehouse_Allocation_System] [main] e.d.WarehouseAllocationSystemApplication : No active profile set, falling back to 1 default profile: "default"
2026-07-01T08:53:50.486+05:30  INFO 20956 --- [Warehouse_Allocation_System] [main] .s.d.r.c.RepositoryConfigurationDelegate : Bootstrapping Spring Data JPA repositories in DEFAULT mode.
2026-07-01T08:53:50.646+05:30  INFO 20956 --- [Warehouse_Allocation_System] [main] .s.d.r.c.RepositoryConfigurationDelegate : Finished Spring Data repository scanning in 141 ms. Found 5 JPA repository interfaces.
2026-07-01T08:53:52.513+05:30  INFO 20956 --- [Warehouse_Allocation_System] [main] o.s.b.w.embedded.tomcat.TomcatWebServer  : Tomcat initialized with port 8080 (http)
2026-07-01T08:53:52.542+05:30  INFO 20956 --- [Warehouse_Allocation_System] [main] o.apache.catalina.core.StandardService   : Starting service [Tomcat]
2026-07-01T08:53:52.543+05:30  INFO 20956 --- [Warehouse_Allocation_System] [main] o.apache.catalina.core.StandardEngine    : Starting Servlet engine: [Apache Tomcat/10.1.24]
2026-07-01T08:53:52.695+05:30  INFO 20956 --- [Warehouse_Allocation_System] [main] o.a.c.c.C.[Tomcat].[localhost].[/]       : Initializing Spring embedded WebApplicationContext
2026-07-01T08:53:52.697+05:30  INFO 20956 --- [Warehouse_Allocation_System] [main] w.s.c.ServletWebServerApplicationContext : Root WebApplicationContext: initialization completed in 4145 ms
2026-07-01T08:53:53.039+05:30  INFO 20956 --- [Warehouse_Allocation_System] [main] o.hibernate.jpa.internal.util.LogHelper  : HHH000204: Processing PersistenceUnitInfo [name: default]
2026-07-01T08:53:53.187+05:30  INFO 20956 --- [Warehouse_Allocation_System] [main] org.hibernate.Version                    : HHH000412: Hibernate ORM core version 6.5.2.Final
2026-07-01T08:53:53.262+05:30  INFO 20956 --- [Warehouse_Allocation_System] [main] o.h.c.internal.RegionFactoryInitiator    : HHH000026: Second-level cache disabled
2026-07-01T08:53:53.897+05:30  INFO 20956 --- [Warehouse_Allocation_System] [main] o.s.o.j.p.SpringPersistenceUnitInfo      : No LoadTimeWeaver setup: ignoring JPA class transformer
2026-07-01T08:53:53.957+05:30  INFO 20956 --- [Warehouse_Allocation_System] [main] com.zaxxer.hikari.HikariDataSource       : HikariPool-1 - Starting...
2026-07-01T08:53:54.564+05:30  INFO 20956 --- [Warehouse_Allocation_System] [main] com.zaxxer.hikari.pool.HikariPool        : HikariPool-1 - Added connection com.mysql.cj.jdbc.ConnectionImpl@3e4afd10
2026-07-01T08:53:54.570+05:30  INFO 20956 --- [Warehouse_Allocation_System] [main] com.zaxxer.hikari.HikariDataSource       : HikariPool-1 - Start completed.
2026-07-01T08:53:54.662+05:30  WARN 20956 --- [Warehouse_Allocation_System] [main] org.hibernate.orm.deprecation            : HHH90000025: MySQLDialect does not need to be specified explicitly using 'hibernate.dialect' (remove the property setting and it will be selected by default)
2026-07-01T08:53:56.229+05:30  INFO 20956 --- [Warehouse_Allocation_System] [main] o.h.e.t.j.p.i.JtaPlatformInitiator       : HHH000489: No JTA platform available (set 'hibernate.transaction.jta.platform' to enable JTA platform integration)
2026-07-01T08:53:56.398+05:30  INFO 20956 --- [Warehouse_Allocation_System] [main] j.LocalContainerEntityManagerFactoryBean : Initialized JPA EntityManagerFactory for persistence unit 'default'
2026-07-01T08:53:56.977+05:30  INFO 20956 --- [Warehouse_Allocation_System] [main] o.s.d.j.r.query.QueryEnhancerFactory     : Hibernate is in classpath; If applicable, HQL parser will be used.
2026-07-01T08:53:58.368+05:30  WARN 20956 --- [Warehouse_Allocation_System] [main] JpaBaseConfiguration$JpaWebConfiguration : spring.jpa.open-in-view is enabled by default. Therefore, database queries may be performed during view rendering. Explicitly configure spring.jpa.open-in-view to disable this warning
2026-07-01T08:53:59.191+05:30  INFO 20956 --- [Warehouse_Allocation_System] [main] o.s.b.w.embedded.tomcat.TomcatWebServer  : Tomcat started on port 8080 (http) with context path '/'
2026-07-01T08:53:59.207+05:30  INFO 20956 --- [Warehouse_Allocation_System] [main] e.d.WarehouseAllocationSystemApplication : Started WarehouseAllocationSystemApplication in 11.598 seconds (process running for 12.408)
2026-07-01T08:54:03.628+05:30  INFO 20956 --- [Warehouse_Allocation_System] [http-nio-8080-exec-1] o.a.c.c.C.[Tomcat].[localhost].[/]       : Initializing Spring DispatcherServlet 'dispatcherServlet'
2026-07-01T08:54:03.628+05:30  INFO 20956 --- [Warehouse_Allocation_System] [http-nio-8080-exec-1] o.s.web.servlet.DispatcherServlet        : Initializing Servlet 'dispatcherServlet'
2026-07-01T08:54:03.634+05:30  INFO 20956 --- [Warehouse_Allocation_System] [http-nio-8080-exec-1] o.s.web.servlet.DispatcherServlet        : Completed initialization in 4 ms
2026-07-01T08:54:18.949+05:30  INFO 20956 --- [Warehouse_Allocation_System] [http-nio-8080-exec-1] o.springdoc.api.AbstractOpenApiResource  : Init duration for springdoc-openapi is: 1125 ms
2026-07-01T08:56:26.783+05:30  INFO 13908 --- [Warehouse_Allocation_System] [main] e.d.WarehouseAllocationSystemApplication : Starting WarehouseAllocationSystemApplication using Java 17.0.12 with PID 13908 (C:\Users\akash\Documents\workspace-spring-tools-for-eclipse-5.1.1.RELEASE\Warehouse_Allocation_System\target\classes started by Sathish in C:\Users\akash\Documents\workspace-spring-tools-for-eclipse-5.1.1.RELEASE\Warehouse_Allocation_System)
2026-07-01T08:56:26.786+05:30  INFO 13908 --- [Warehouse_Allocation_System] [main] e.d.WarehouseAllocationSystemApplication : No active profile set, falling back to 1 default profile: "default"
2026-07-01T08:56:28.241+05:30  INFO 13908 --- [Warehouse_Allocation_System] [main] .s.d.r.c.RepositoryConfigurationDelegate : Bootstrapping Spring Data JPA repositories in DEFAULT mode.
2026-07-01T08:56:28.365+05:30  INFO 13908 --- [Warehouse_Allocation_System] [main] .s.d.r.c.RepositoryConfigurationDelegate : Finished Spring Data repository scanning in 110 ms. Found 5 JPA repository interfaces.
2026-07-01T08:56:29.442+05:30  INFO 13908 --- [Warehouse_Allocation_System] [main] o.s.b.w.embedded.tomcat.TomcatWebServer  : Tomcat initialized with port 8080 (http)
2026-07-01T08:56:29.469+05:30  INFO 13908 --- [Warehouse_Allocation_System] [main] o.apache.catalina.core.StandardService   : Starting service [Tomcat]
2026-07-01T08:56:29.470+05:30  INFO 13908 --- [Warehouse_Allocation_System] [main] o.apache.catalina.core.StandardEngine    : Starting Servlet engine: [Apache Tomcat/10.1.24]
2026-07-01T08:56:29.596+05:30  INFO 13908 --- [Warehouse_Allocation_System] [main] o.a.c.c.C.[Tomcat].[localhost].[/]       : Initializing Spring embedded WebApplicationContext
2026-07-01T08:56:29.597+05:30  INFO 13908 --- [Warehouse_Allocation_System] [main] w.s.c.ServletWebServerApplicationContext : Root WebApplicationContext: initialization completed in 2739 ms
2026-07-01T08:56:29.883+05:30  INFO 13908 --- [Warehouse_Allocation_System] [main] o.hibernate.jpa.internal.util.LogHelper  : HHH000204: Processing PersistenceUnitInfo [name: default]
2026-07-01T08:56:30.058+05:30  INFO 13908 --- [Warehouse_Allocation_System] [main] org.hibernate.Version                    : HHH000412: Hibernate ORM core version 6.5.2.Final
2026-07-01T08:56:30.149+05:30  INFO 13908 --- [Warehouse_Allocation_System] [main] o.h.c.internal.RegionFactoryInitiator    : HHH000026: Second-level cache disabled
2026-07-01T08:56:30.682+05:30  INFO 13908 --- [Warehouse_Allocation_System] [main] o.s.o.j.p.SpringPersistenceUnitInfo      : No LoadTimeWeaver setup: ignoring JPA class transformer
2026-07-01T08:56:30.746+05:30  INFO 13908 --- [Warehouse_Allocation_System] [main] com.zaxxer.hikari.HikariDataSource       : HikariPool-1 - Starting...
2026-07-01T08:56:31.259+05:30  INFO 13908 --- [Warehouse_Allocation_System] [main] com.zaxxer.hikari.pool.HikariPool        : HikariPool-1 - Added connection com.mysql.cj.jdbc.ConnectionImpl@4ffa7041
2026-07-01T08:56:31.262+05:30  INFO 13908 --- [Warehouse_Allocation_System] [main] com.zaxxer.hikari.HikariDataSource       : HikariPool-1 - Start completed.
2026-07-01T08:56:31.334+05:30  WARN 13908 --- [Warehouse_Allocation_System] [main] org.hibernate.orm.deprecation            : HHH90000025: MySQLDialect does not need to be specified explicitly using 'hibernate.dialect' (remove the property setting and it will be selected by default)
2026-07-01T08:56:32.928+05:30  INFO 13908 --- [Warehouse_Allocation_System] [main] o.h.e.t.j.p.i.JtaPlatformInitiator       : HHH000489: No JTA platform available (set 'hibernate.transaction.jta.platform' to enable JTA platform integration)
2026-07-01T08:56:33.077+05:30  INFO 13908 --- [Warehouse_Allocation_System] [main] j.LocalContainerEntityManagerFactoryBean : Initialized JPA EntityManagerFactory for persistence unit 'default'
2026-07-01T08:56:33.538+05:30  INFO 13908 --- [Warehouse_Allocation_System] [main] o.s.d.j.r.query.QueryEnhancerFactory     : Hibernate is in classpath; If applicable, HQL parser will be used.
2026-07-01T08:56:35.225+05:30  WARN 13908 --- [Warehouse_Allocation_System] [main] JpaBaseConfiguration$JpaWebConfiguration : spring.jpa.open-in-view is enabled by default. Therefore, database queries may be performed during view rendering. Explicitly configure spring.jpa.open-in-view to disable this warning
2026-07-01T08:56:36.027+05:30  INFO 13908 --- [Warehouse_Allocation_System] [main] o.s.b.w.embedded.tomcat.TomcatWebServer  : Tomcat started on port 8080 (http) with context path '/'
2026-07-01T08:56:36.043+05:30  INFO 13908 --- [Warehouse_Allocation_System] [main] e.d.WarehouseAllocationSystemApplication : Started WarehouseAllocationSystemApplication in 9.867 seconds (process running for 10.531)
2026-07-01T08:56:44.496+05:30  INFO 13908 --- [Warehouse_Allocation_System] [http-nio-8080-exec-1] o.a.c.c.C.[Tomcat].[localhost].[/]       : Initializing Spring DispatcherServlet 'dispatcherServlet'
2026-07-01T08:56:44.496+05:30  INFO 13908 --- [Warehouse_Allocation_System] [http-nio-8080-exec-1] o.s.web.servlet.DispatcherServlet        : Initializing Servlet 'dispatcherServlet'
2026-07-01T08:56:44.496+05:30  INFO 13908 --- [Warehouse_Allocation_System] [http-nio-8080-exec-1] o.s.web.servlet.DispatcherServlet        : Completed initialization in 0 ms
2026-07-01T08:59:11.351+05:30  INFO 20260 --- [Warehouse_Allocation_System] [main] e.d.WarehouseAllocationSystemApplication : Starting WarehouseAllocationSystemApplication using Java 17.0.12 with PID 20260 (C:\Users\akash\Documents\workspace-spring-tools-for-eclipse-5.1.1.RELEASE\Warehouse_Allocation_System\target\classes started by Sathish in C:\Users\akash\Documents\workspace-spring-tools-for-eclipse-5.1.1.RELEASE\Warehouse_Allocation_System)
2026-07-01T08:59:11.356+05:30  INFO 20260 --- [Warehouse_Allocation_System] [main] e.d.WarehouseAllocationSystemApplication : No active profile set, falling back to 1 default profile: "default"
2026-07-01T08:59:12.666+05:30  INFO 20260 --- [Warehouse_Allocation_System] [main] .s.d.r.c.RepositoryConfigurationDelegate : Bootstrapping Spring Data JPA repositories in DEFAULT mode.
2026-07-01T08:59:12.769+05:30  INFO 20260 --- [Warehouse_Allocation_System] [main] .s.d.r.c.RepositoryConfigurationDelegate : Finished Spring Data repository scanning in 91 ms. Found 5 JPA repository interfaces.
2026-07-01T08:59:13.735+05:30  INFO 20260 --- [Warehouse_Allocation_System] [main] o.s.b.w.embedded.tomcat.TomcatWebServer  : Tomcat initialized with port 8080 (http)
2026-07-01T08:59:13.758+05:30  INFO 20260 --- [Warehouse_Allocation_System] [main] o.apache.catalina.core.StandardService   : Starting service [Tomcat]
2026-07-01T08:59:13.758+05:30  INFO 20260 --- [Warehouse_Allocation_System] [main] o.apache.catalina.core.StandardEngine    : Starting Servlet engine: [Apache Tomcat/10.1.24]
2026-07-01T08:59:13.875+05:30  INFO 20260 --- [Warehouse_Allocation_System] [main] o.a.c.c.C.[Tomcat].[localhost].[/]       : Initializing Spring embedded WebApplicationContext
2026-07-01T08:59:13.875+05:30  INFO 20260 --- [Warehouse_Allocation_System] [main] w.s.c.ServletWebServerApplicationContext : Root WebApplicationContext: initialization completed in 2440 ms
2026-07-01T08:59:14.119+05:30  INFO 20260 --- [Warehouse_Allocation_System] [main] o.hibernate.jpa.internal.util.LogHelper  : HHH000204: Processing PersistenceUnitInfo [name: default]
2026-07-01T08:59:14.224+05:30  INFO 20260 --- [Warehouse_Allocation_System] [main] org.hibernate.Version                    : HHH000412: Hibernate ORM core version 6.5.2.Final
2026-07-01T08:59:14.288+05:30  INFO 20260 --- [Warehouse_Allocation_System] [main] o.h.c.internal.RegionFactoryInitiator    : HHH000026: Second-level cache disabled
2026-07-01T08:59:14.776+05:30  INFO 20260 --- [Warehouse_Allocation_System] [main] o.s.o.j.p.SpringPersistenceUnitInfo      : No LoadTimeWeaver setup: ignoring JPA class transformer
2026-07-01T08:59:14.821+05:30  INFO 20260 --- [Warehouse_Allocation_System] [main] com.zaxxer.hikari.HikariDataSource       : HikariPool-1 - Starting...
2026-07-01T08:59:15.259+05:30  INFO 20260 --- [Warehouse_Allocation_System] [main] com.zaxxer.hikari.pool.HikariPool        : HikariPool-1 - Added connection com.mysql.cj.jdbc.ConnectionImpl@1d8be7b9
2026-07-01T08:59:15.264+05:30  INFO 20260 --- [Warehouse_Allocation_System] [main] com.zaxxer.hikari.HikariDataSource       : HikariPool-1 - Start completed.
2026-07-01T08:59:15.339+05:30  WARN 20260 --- [Warehouse_Allocation_System] [main] org.hibernate.orm.deprecation            : HHH90000025: MySQLDialect does not need to be specified explicitly using 'hibernate.dialect' (remove the property setting and it will be selected by default)
2026-07-01T08:59:16.653+05:30  INFO 20260 --- [Warehouse_Allocation_System] [main] o.h.e.t.j.p.i.JtaPlatformInitiator       : HHH000489: No JTA platform available (set 'hibernate.transaction.jta.platform' to enable JTA platform integration)
2026-07-01T08:59:16.778+05:30  INFO 20260 --- [Warehouse_Allocation_System] [main] j.LocalContainerEntityManagerFactoryBean : Initialized JPA EntityManagerFactory for persistence unit 'default'
2026-07-01T08:59:17.153+05:30  INFO 20260 --- [Warehouse_Allocation_System] [main] o.s.d.j.r.query.QueryEnhancerFactory     : Hibernate is in classpath; If applicable, HQL parser will be used.
2026-07-01T08:59:18.316+05:30  WARN 20260 --- [Warehouse_Allocation_System] [main] JpaBaseConfiguration$JpaWebConfiguration : spring.jpa.open-in-view is enabled by default. Therefore, database queries may be performed during view rendering. Explicitly configure spring.jpa.open-in-view to disable this warning
2026-07-01T08:59:18.958+05:30  INFO 20260 --- [Warehouse_Allocation_System] [main] o.s.b.w.embedded.tomcat.TomcatWebServer  : Tomcat started on port 8080 (http) with context path '/'
2026-07-01T08:59:18.972+05:30  INFO 20260 --- [Warehouse_Allocation_System] [main] e.d.WarehouseAllocationSystemApplication : Started WarehouseAllocationSystemApplication in 8.249 seconds (process running for 8.736)
2026-07-01T08:59:26.358+05:30  INFO 20260 --- [Warehouse_Allocation_System] [http-nio-8080-exec-2] o.a.c.c.C.[Tomcat].[localhost].[/]       : Initializing Spring DispatcherServlet 'dispatcherServlet'
2026-07-01T08:59:26.363+05:30  INFO 20260 --- [Warehouse_Allocation_System] [http-nio-8080-exec-2] o.s.web.servlet.DispatcherServlet        : Initializing Servlet 'dispatcherServlet'
2026-07-01T08:59:26.363+05:30  INFO 20260 --- [Warehouse_Allocation_System] [http-nio-8080-exec-2] o.s.web.servlet.DispatcherServlet        : Completed initialization in 0 ms
2026-07-01T08:59:26.897+05:30  WARN 20260 --- [Warehouse_Allocation_System] [http-nio-8080-exec-2] PageModule$PlainPageSerializationWarning : Serializing PageImpl instances as-is is not supported, meaning that there is no guarantee about the stability of the resulting JSON structure!
	For a stable JSON structure, please use Spring Data's PagedModel (globally via @EnableSpringDataWebSupport(pageSerializationMode = VIA_DTO))
	or Spring HATEOAS and Spring Data's PagedResourcesAssembler as documented in https://docs.spring.io/spring-data/commons/reference/repositories/core-extensions.html#core.web.pageables.

2026-07-01T09:40:51.446+05:30  WARN 20260 --- [Warehouse_Allocation_System] [HikariPool-1 housekeeper] com.zaxxer.hikari.pool.HikariPool        : HikariPool-1 - Thread starvation or clock leap detected (housekeeper delta=20m5s715ms816µs100ns).
